<html>
<body>
<pre>
<h1>礦ision Build Log</h1>
<h2>Tool Versions:</h2>
IDE-Version: μVision V5.14.0.0
Copyright (C) 2015 ARM Ltd and ARM Germany GmbH. All rights reserved.
License Information: QQ Jassy, QQ, LIC=UB4HL-08VJ6-06MQU-SV7KS-4TU54-KH3SP
 
Tool Versions:
Toolchain:       MDK-ARM Professional  Version: 5.14.0.0
Toolchain Path:  D:\MDK\ARM\ARMCC\Bin
C Compiler:      Armcc.exe V5.05 update 1 (build 106)
Assembler:       Armasm.exe V5.05 update 1 (build 106)
Linker/Locator:  ArmLink.exe V5.05 update 1 (build 106)
Library Manager: ArmAr.exe V5.05 update 1 (build 106)
Hex Converter:   FromElf.exe V5.05 update 1 (build 106)
CPU DLL:         SARMCM3.DLL V5.14.0.0
Dialog DLL:      DCM.DLL V1.13.1.0
Target DLL:      Segger\JL2CM3.dll V2.99.13.0
Dialog DLL:      TCM.DLL V1.14.4.0
 
<h2>Project:</h2>
F:\18_指纹锁（新）\完成\finger_\USER\FG_.uvprojx
Project File Date:  09/16/2016

<h2>Output:</h2>
Build target 'Target 1'
compiling main.c...
compiling r303.c...
linking...
Program Size: Code=8672 RO-data=348 RW-data=164 ZI-data=3692  
FromELF: creating hex file...
"..\OBJ\FG_.axf" - 0 Error(s), 0 Warning(s).

<h2>Collection of Component include folders:</h2>
  F:\18_指纹锁（新）\完成\finger_\USER\RTE
  D:\MDK\ARM\PACK\Keil\STM32F1xx_DFP\1.0.4\Device\Include

<h2>Collection of Component Files used:</h2>
</pre>
</body>
</html>
